[32m2026-02-19 10:46:14 +0000[0m - dagster - [34mDEBUG[0m - __ASSET_JOB - 1689f519-a634-45e6-9e84-ba775a83adf0 - 53584 - LOGS_CAPTURED - Started capturing logs in process (pid: 53584).
[32m2026-02-19 10:46:14 +0000[0m - dagster - [34mDEBUG[0m - __ASSET_JOB - 1689f519-a634-45e6-9e84-ba775a83adf0 - 53584 - resumen_pipeline - STEP_START - Started execution of step "resumen_pipeline".
[32m2026-02-19 10:46:14 +0000[0m - dagster - [34mDEBUG[0m - __ASSET_JOB - 1689f519-a634-45e6-9e84-ba775a83adf0 - resumen_pipeline - Loading file from: /home/alejandro/MASTER/VIZ/.tmp_dagster_home_3_fvlhkk/storage/carga_renta_raw using PickledObjectFilesystemIOManager...
[32m2026-02-19 10:46:14 +0000[0m - dagster - [34mDEBUG[0m - __ASSET_JOB - 1689f519-a634-45e6-9e84-ba775a83adf0 - 53584 - resumen_pipeline - LOADED_INPUT - Loaded input "carga_renta_raw" using input manager "io_manager"
[32m2026-02-19 10:46:14 +0000[0m - dagster - [34mDEBUG[0m - __ASSET_JOB - 1689f519-a634-45e6-9e84-ba775a83adf0 - resumen_pipeline - Loading file from: /home/alejandro/MASTER/VIZ/.tmp_dagster_home_3_fvlhkk/storage/renta_municipal_2023 using PickledObjectFilesystemIOManager...
[32m2026-02-19 10:46:14 +0000[0m - dagster - [34mDEBUG[0m - __ASSET_JOB - 1689f519-a634-45e6-9e84-ba775a83adf0 - 53584 - resumen_pipeline - LOADED_INPUT - Loaded input "renta_municipal_2023" using input manager "io_manager"
[32m2026-02-19 10:46:14 +0000[0m - dagster - [34mDEBUG[0m - __ASSET_JOB - 1689f519-a634-45e6-9e84-ba775a83adf0 - resumen_pipeline - Loading file from: /home/alejandro/MASTER/VIZ/.tmp_dagster_home_3_fvlhkk/storage/union_renta_codislas using PickledObjectFilesystemIOManager...
[32m2026-02-19 10:46:14 +0000[0m - dagster - [34mDEBUG[0m - __ASSET_JOB - 1689f519-a634-45e6-9e84-ba775a83adf0 - 53584 - resumen_pipeline - LOADED_INPUT - Loaded input "union_renta_codislas" using input manager "io_manager"
[32m2026-02-19 10:46:14 +0000[0m - dagster - [34mDEBUG[0m - __ASSET_JOB - 1689f519-a634-45e6-9e84-ba775a83adf0 - resumen_pipeline - Loading file from: /home/alejandro/MASTER/VIZ/.tmp_dagster_home_3_fvlhkk/storage/visualizacion_composicion_estructural using PickledObjectFilesystemIOManager...
[32m2026-02-19 10:46:14 +0000[0m - dagster - [34mDEBUG[0m - __ASSET_JOB - 1689f519-a634-45e6-9e84-ba775a83adf0 - 53584 - resumen_pipeline - LOADED_INPUT - Loaded input "visualizacion_composicion_estructural" using input manager "io_manager"
[32m2026-02-19 10:46:14 +0000[0m - dagster - [34mDEBUG[0m - __ASSET_JOB - 1689f519-a634-45e6-9e84-ba775a83adf0 - resumen_pipeline - Loading file from: /home/alejandro/MASTER/VIZ/.tmp_dagster_home_3_fvlhkk/storage/visualizacion_distribucion_municipio using PickledObjectFilesystemIOManager...
[32m2026-02-19 10:46:14 +0000[0m - dagster - [34mDEBUG[0m - __ASSET_JOB - 1689f519-a634-45e6-9e84-ba775a83adf0 - 53584 - resumen_pipeline - LOADED_INPUT - Loaded input "visualizacion_distribucion_municipio" using input manager "io_manager"
[32m2026-02-19 10:46:14 +0000[0m - dagster - [34mDEBUG[0m - __ASSET_JOB - 1689f519-a634-45e6-9e84-ba775a83adf0 - resumen_pipeline - Loading file from: /home/alejandro/MASTER/VIZ/.tmp_dagster_home_3_fvlhkk/storage/visualizacion_evolucion_renta using PickledObjectFilesystemIOManager...
[32m2026-02-19 10:46:14 +0000[0m - dagster - [34mDEBUG[0m - __ASSET_JOB - 1689f519-a634-45e6-9e84-ba775a83adf0 - 53584 - resumen_pipeline - LOADED_INPUT - Loaded input "visualizacion_evolucion_renta" using input manager "io_manager"
[32m2026-02-19 10:46:14 +0000[0m - dagster - [34mDEBUG[0m - __ASSET_JOB - 1689f519-a634-45e6-9e84-ba775a83adf0 - 53584 - resumen_pipeline - STEP_INPUT - Got input "carga_renta_raw" of type "DataFrame". (Type check passed).
[32m2026-02-19 10:46:14 +0000[0m - dagster - [34mDEBUG[0m - __ASSET_JOB - 1689f519-a634-45e6-9e84-ba775a83adf0 - 53584 - resumen_pipeline - STEP_INPUT - Got input "renta_municipal_2023" of type "DataFrame". (Type check passed).
[32m2026-02-19 10:46:14 +0000[0m - dagster - [34mDEBUG[0m - __ASSET_JOB - 1689f519-a634-45e6-9e84-ba775a83adf0 - 53584 - resumen_pipeline - STEP_INPUT - Got input "union_renta_codislas" of type "DataFrame". (Type check passed).
[32m2026-02-19 10:46:14 +0000[0m - dagster - [34mDEBUG[0m - __ASSET_JOB - 1689f519-a634-45e6-9e84-ba775a83adf0 - 53584 - resumen_pipeline - STEP_INPUT - Got input "visualizacion_composicion_estructural" of type "String". (Type check passed).
[32m2026-02-19 10:46:15 +0000[0m - dagster - [34mDEBUG[0m - __ASSET_JOB - 1689f519-a634-45e6-9e84-ba775a83adf0 - 53584 - resumen_pipeline - STEP_INPUT - Got input "visualizacion_distribucion_municipio" of type "String". (Type check passed).
[32m2026-02-19 10:46:15 +0000[0m - dagster - [34mDEBUG[0m - __ASSET_JOB - 1689f519-a634-45e6-9e84-ba775a83adf0 - 53584 - resumen_pipeline - STEP_INPUT - Got input "visualizacion_evolucion_renta" of type "String". (Type check passed).
[32m2026-02-19 10:46:15 +0000[0m - dagster - [34mDEBUG[0m - __ASSET_JOB - 1689f519-a634-45e6-9e84-ba775a83adf0 - 53584 - resumen_pipeline - STEP_OUTPUT - Yielded output "result" of type "dict". (Type check passed).
[32m2026-02-19 10:46:15 +0000[0m - dagster - [34mDEBUG[0m - __ASSET_JOB - 1689f519-a634-45e6-9e84-ba775a83adf0 - resumen_pipeline - Writing file at: /home/alejandro/MASTER/VIZ/.tmp_dagster_home_3_fvlhkk/storage/resumen_pipeline using PickledObjectFilesystemIOManager...
[32m2026-02-19 10:46:15 +0000[0m - dagster - [34mDEBUG[0m - __ASSET_JOB - 1689f519-a634-45e6-9e84-ba775a83adf0 - 53584 - resumen_pipeline - ASSET_MATERIALIZATION - Materialized value resumen_pipeline.
[32m2026-02-19 10:46:15 +0000[0m - dagster - [34mDEBUG[0m - __ASSET_JOB - 1689f519-a634-45e6-9e84-ba775a83adf0 - 53584 - resumen_pipeline - HANDLED_OUTPUT - Handled output "result" using IO manager "io_manager"
[32m2026-02-19 10:46:15 +0000[0m - dagster - [34mDEBUG[0m - __ASSET_JOB - 1689f519-a634-45e6-9e84-ba775a83adf0 - 53584 - resumen_pipeline - STEP_SUCCESS - Finished execution of step "resumen_pipeline" in 798ms.
